// Jest Snapshot v1, https://goo.gl/fbAQLP

exports[`Button should render correctly for button mode 1`] = `
ShallowWrapper {
  Symbol(enzyme.__root__): [Circular],
  Symbol(enzyme.__unrendered__): <Button
    color="primary"
    disabled={false}
    style={Object {}}
  />,
  Symbol(enzyme.__renderer__): Object {
    "batchedUpdates": [Function],
    "checkPropTypes": [Function],
    "getNode": [Function],
    "render": [Function],
    "simulateError": [Function],
    "simulateEvent": [Function],
    "unmount": [Function],
  },
  Symbol(enzyme.__node__): Object {
    "instance": null,
    "key": undefined,
    "nodeType": "function",
    "props": Object {
      "children": <button
        disabled={false}
        style={
          Object {
            "marginRight": "10px",
            "marginTop": "15px",
            "paddingBottom": "10px",
            "paddingLeft": "15px",
            "paddingRight": "15px",
            "paddingTop": "10px",
          }
        }
        type="button"
      />,
    },
    "ref": null,
    "rendered": Object {
      "instance": null,
      "key": undefined,
      "nodeType": "host",
      "props": Object {
        "children": undefined,
        "disabled": false,
        "style": Object {
          "marginRight": "10px",
          "marginTop": "15px",
          "paddingBottom": "10px",
          "paddingLeft": "15px",
          "paddingRight": "15px",
          "paddingTop": "10px",
        },
        "type": "button",
      },
      "ref": null,
      "rendered": null,
      "type": "button",
    },
    "type": Symbol(react.fragment),
  },
  Symbol(enzyme.__nodes__): Array [
    Object {
      "instance": null,
      "key": undefined,
      "nodeType": "function",
      "props": Object {
        "children": <button
          disabled={false}
          style={
            Object {
              "marginRight": "10px",
              "marginTop": "15px",
              "paddingBottom": "10px",
              "paddingLeft": "15px",
              "paddingRight": "15px",
              "paddingTop": "10px",
            }
          }
          type="button"
        />,
      },
      "ref": null,
      "rendered": Object {
        "instance": null,
        "key": undefined,
        "nodeType": "host",
        "props": Object {
          "children": undefined,
          "disabled": false,
          "style": Object {
            "marginRight": "10px",
            "marginTop": "15px",
            "paddingBottom": "10px",
            "paddingLeft": "15px",
            "paddingRight": "15px",
            "paddingTop": "10px",
          },
          "type": "button",
        },
        "ref": null,
        "rendered": null,
        "type": "button",
      },
      "type": Symbol(react.fragment),
    },
  ],
  Symbol(enzyme.__options__): Object {
    "adapter": ReactSixteenAdapter {
      "options": Object {
        "enableComponentDidUpdateOnSetState": true,
        "legacyContextMode": "parent",
        "lifecycles": Object {
          "componentDidUpdate": Object {
            "onSetState": true,
          },
          "getChildContext": Object {
            "calledByRenderer": false,
          },
          "getDerivedStateFromProps": Object {
            "hasShouldComponentUpdateBug": false,
          },
          "getSnapshotBeforeUpdate": true,
          "setState": Object {
            "skipsComponentDidUpdateOnNullish": true,
          },
        },
      },
    },
  },
  Symbol(enzyme.__childContext__): null,
}
`;

exports[`Button should render correctly in "debug" mode 1`] = `
ShallowWrapper {
  Symbol(enzyme.__root__): [Circular],
  Symbol(enzyme.__unrendered__): <Button
    color="primary"
    disabled={false}
    style={Object {}}
  />,
  Symbol(enzyme.__renderer__): Object {
    "batchedUpdates": [Function],
    "checkPropTypes": [Function],
    "getNode": [Function],
    "render": [Function],
    "simulateError": [Function],
    "simulateEvent": [Function],
    "unmount": [Function],
  },
  Symbol(enzyme.__node__): Object {
    "instance": null,
    "key": undefined,
    "nodeType": "function",
    "props": Object {
      "children": <button
        disabled={false}
        style={
          Object {
            "marginRight": "10px",
            "marginTop": "15px",
            "paddingBottom": "10px",
            "paddingLeft": "15px",
            "paddingRight": "15px",
            "paddingTop": "10px",
          }
        }
        type="button"
      />,
    },
    "ref": null,
    "rendered": Object {
      "instance": null,
      "key": undefined,
      "nodeType": "host",
      "props": Object {
        "children": undefined,
        "disabled": false,
        "style": Object {
          "marginRight": "10px",
          "marginTop": "15px",
          "paddingBottom": "10px",
          "paddingLeft": "15px",
          "paddingRight": "15px",
          "paddingTop": "10px",
        },
        "type": "button",
      },
      "ref": null,
      "rendered": null,
      "type": "button",
    },
    "type": Symbol(react.fragment),
  },
  Symbol(enzyme.__nodes__): Array [
    Object {
      "instance": null,
      "key": undefined,
      "nodeType": "function",
      "props": Object {
        "children": <button
          disabled={false}
          style={
            Object {
              "marginRight": "10px",
              "marginTop": "15px",
              "paddingBottom": "10px",
              "paddingLeft": "15px",
              "paddingRight": "15px",
              "paddingTop": "10px",
            }
          }
          type="button"
        />,
      },
      "ref": null,
      "rendered": Object {
        "instance": null,
        "key": undefined,
        "nodeType": "host",
        "props": Object {
          "children": undefined,
          "disabled": false,
          "style": Object {
            "marginRight": "10px",
            "marginTop": "15px",
            "paddingBottom": "10px",
            "paddingLeft": "15px",
            "paddingRight": "15px",
            "paddingTop": "10px",
          },
          "type": "button",
        },
        "ref": null,
        "rendered": null,
        "type": "button",
      },
      "type": Symbol(react.fragment),
    },
  ],
  Symbol(enzyme.__options__): Object {
    "adapter": ReactSixteenAdapter {
      "options": Object {
        "enableComponentDidUpdateOnSetState": true,
        "legacyContextMode": "parent",
        "lifecycles": Object {
          "componentDidUpdate": Object {
            "onSetState": true,
          },
          "getChildContext": Object {
            "calledByRenderer": false,
          },
          "getDerivedStateFromProps": Object {
            "hasShouldComponentUpdateBug": false,
          },
          "getSnapshotBeforeUpdate": true,
          "setState": Object {
            "skipsComponentDidUpdateOnNullish": true,
          },
        },
      },
    },
  },
  Symbol(enzyme.__childContext__): null,
}
`;
